Task aborted due to the imminent end of the universe.
